yarn run v1.22.17
$ yarn electron . & ^C && yarn dev
/bin/sh: linha 1: ^C: comando não encontrado
error Command failed with exit code 127.
info Visit https://yarnpkg.com/en/docs/cli/run for documentation about this command.
$ /home/bm/Documents/projects/docker-tray/node_modules/.bin/electron .
[535650:0106/143502.382771:ERROR:sandbox_linux.cc(377)] InitializeSandbox() called with multiple threads in process gpu-process.
yarn run v1.22.17
$ yarn electron . & ^C && yarn dev
/bin/sh: linha 1: ^C: comando não encontrado
error Command failed with exit code 127.
info Visit https://yarnpkg.com/en/docs/cli/run for documentation about this command.
$ /home/bm/Documents/projects/docker-tray/node_modules/.bin/electron .
[535945:0106/143536.499816:ERROR:sandbox_linux.cc(377)] InitializeSandbox() called with multiple threads in process gpu-process.
yarn run v1.22.17
$ yarn electron . & ^C && yarn dev
/bin/sh: linha 1: ^C: comando não encontrado
error Command failed with exit code 127.
info Visit https://yarnpkg.com/en/docs/cli/run for documentation about this command.
$ /home/bm/Documents/projects/docker-tray/node_modules/.bin/electron .
[536254:0106/143551.774721:ERROR:sandbox_linux.cc(377)] InitializeSandbox() called with multiple threads in process gpu-process.
yarn run v1.22.17
$ yarn electron . & ^C && yarn dev
/bin/sh: linha 1: ^C: comando não encontrado
error Command failed with exit code 127.
info Visit https://yarnpkg.com/en/docs/cli/run for documentation about this command.
$ /home/bm/Documents/projects/docker-tray/node_modules/.bin/electron .
[536525:0106/143608.534270:ERROR:sandbox_linux.cc(377)] InitializeSandbox() called with multiple threads in process gpu-process.
yarn run v1.22.17
$ yarn electron . & ^C && yarn dev
/bin/sh: linha 1: ^C: comando não encontrado
error Command failed with exit code 127.
info Visit https://yarnpkg.com/en/docs/cli/run for documentation about this command.
$ /home/bm/Documents/projects/docker-tray/node_modules/.bin/electron .
[536841:0106/143614.571030:ERROR:sandbox_linux.cc(377)] InitializeSandbox() called with multiple threads in process gpu-process.
yarn run v1.22.17
$ nohup yarn electron . &
Done in 0.04s.
$ /home/bm/Documents/projects/docker-tray/node_modules/.bin/electron .
[537567:0106/143816.539260:ERROR:sandbox_linux.cc(377)] InitializeSandbox() called with multiple threads in process gpu-process.
$ /home/bm/Documents/projects/docker-tray/node_modules/.bin/electron .
[537899:0106/143857.676467:ERROR:sandbox_linux.cc(377)] InitializeSandbox() called with multiple threads in process gpu-process.
/home/bm/Documents/projects/docker-tray/node_modules/electron/dist/electron exited with signal SIGINT
$ /home/bm/Documents/projects/docker-tray/node_modules/.bin/electron .
[538315:0106/143916.358537:ERROR:sandbox_linux.cc(377)] InitializeSandbox() called with multiple threads in process gpu-process.
$ /home/bm/Documents/projects/docker-tray/node_modules/.bin/electron .
[540709:0106/145159.806459:ERROR:sandbox_linux.cc(377)] InitializeSandbox() called with multiple threads in process gpu-process.
/home/bm/Documents/projects/docker-tray/node_modules/electron/dist/electron exited with signal SIGINT
$ /home/bm/Documents/projects/docker-tray/node_modules/.bin/electron .
[543505:0106/155437.897054:ERROR:sandbox_linux.cc(377)] InitializeSandbox() called with multiple threads in process gpu-process.
/home/bm/Documents/projects/docker-tray/node_modules/electron/dist/electron exited with signal SIGINT
$ /home/bm/Documents/projects/docker-tray/node_modules/.bin/electron .
[543783:0106/155451.229661:ERROR:sandbox_linux.cc(377)] InitializeSandbox() called with multiple threads in process gpu-process.
/home/bm/Documents/projects/docker-tray/node_modules/electron/dist/electron exited with signal SIGINT
$ /home/bm/Documents/projects/docker-tray/node_modules/.bin/electron .
[544257:0106/155831.412862:ERROR:sandbox_linux.cc(377)] InitializeSandbox() called with multiple threads in process gpu-process.
